  OptionA.Blazor.Storage.Contracts -> C:\repo\OptionA.Blazor\OptionA.Blazor.Storage.Contracts\bin\Release\netstandard2.1\OptionA.Blazor.Storage.Contracts.dll
  OptionA.Blazor.Components.Direct -> C:\repo\OptionA.Blazor\OptionA.Blazor.Components.Direct\bin\Release\net10.0\OptionA.Blazor.Components.Direct.dll
  OptionA.Blazor.Playground -> C:\repo\OptionA.Blazor\OptionA.Blazor.Playground\bin\Release\net10.0\OptionA.Blazor.Playground.dll
  OptionA.Blazor.Components -> C:\repo\OptionA.Blazor\OptionA.Blazor.Components\bin\Release\net10.0\OptionA.Blazor.Components.dll
  OptionA.Blazor.Storage -> C:\repo\OptionA.Blazor\OptionA.Blazor.Storage\bin\Release\net10.0\OptionA.Blazor.Storage.dll
  OptionA.Blazor.Playground.UnitTests -> C:\repo\OptionA.Blazor\OptionA.Blazor.Playground.UnitTests\bin\Release\net10.0\OptionA.Blazor.Playground.UnitTests.dll
  OptionA.Blazor.Blog -> C:\repo\OptionA.Blazor\OptionA.Blazor.Blog\bin\Release\net10.0\OptionA.Blazor.Blog.dll
  OptionA.Blazor.Components.UnitTests -> C:\repo\OptionA.Blazor\OptionA.Blazor.Components.UnitTests\bin\Release\net10.0\OptionA.Blazor.Components.UnitTests.dll
  OptionA.Blazor.Test.Shared -> C:\repo\OptionA.Blazor\OptionA.Blazor.Test.Shared\bin\Release\net10.0\OptionA.Blazor.Test.Shared.dll
  OptionA.Blazor.Blog.Builder -> C:\repo\OptionA.Blazor\OptionA.Blazor.Blog.Builder\bin\Release\net10.0\OptionA.Blazor.Blog.Builder.dll
  OptionA.Blazor.Helpers -> C:\repo\OptionA.Blazor\OptionA.Blazor.Helpers\bin\Release\net10.0\OptionA.Blazor.Helpers.dll
  OptionA.Blazor.Server.Test -> C:\repo\OptionA.Blazor\OptionA.Blazor.Server.Test\bin\Release\net10.0\OptionA.Blazor.Server.Test.dll
  OptionA.Blazor.Test -> C:\repo\OptionA.Blazor\OptionA.Blazor.Test\bin\Release\net10.0\OptionA.Blazor.Test.dll
  OptionA.Blazor.Test (Blazor output) -> C:\repo\OptionA.Blazor\OptionA.Blazor.Test\bin\Release\net10.0\wwwroot
  OptionA.Blazor.Maui.Test -> C:\repo\OptionA.Blazor\OptionA.Blazor.Maui.Test\bin\Release\net10.0-windows10.0.19041.0\win-x64\OptionA.Blazor.Maui.Test.dll
  OptionA.Blazor.E2E -> C:\repo\OptionA.Blazor\tests\OptionA.Blazor.E2E\bin\Release\net10.0\OptionA.Blazor.E2E.dll
C:\repo\OptionA.Blazor\OptionA.Blazor.Blog.UnitTests\Builder\BuilderDeprecationTests.cs(12,16): warning CS0618: 'OptAPostBuilder' is obsolete: 'Blog.Builder WYSIWYG editors are deprecated. Use OptionA.Blazor.Blog (OptADocument) with Markdown authoring and OptionA.Blazor.Playground for interactive previews. This package will not receive new features.' [C:\repo\OptionA.Blazor\OptionA.Blazor.Blog.UnitTests\OptionA.Blazor.Blog.UnitTests.csproj]
C:\repo\OptionA.Blazor\OptionA.Blazor.Blog.UnitTests\Builder\BuilderDeprecationTests.cs(13,16): warning CS0618: 'OptACodeBuilder' is obsolete: 'Blog.Builder WYSIWYG editors are deprecated. Use OptionA.Blazor.Blog (OptADocument) with Markdown authoring and OptionA.Blazor.Playground for interactive previews. This package will not receive new features.' [C:\repo\OptionA.Blazor\OptionA.Blazor.Blog.UnitTests\OptionA.Blazor.Blog.UnitTests.csproj]
C:\repo\OptionA.Blazor\OptionA.Blazor.Blog.UnitTests\Builder\BuilderDeprecationTests.cs(14,16): warning CS0618: 'OptAFrameBuilder' is obsolete: 'Blog.Builder WYSIWYG editors are deprecated. Use OptionA.Blazor.Blog (OptADocument) with Markdown authoring and OptionA.Blazor.Playground for interactive previews. This package will not receive new features.' [C:\repo\OptionA.Blazor\OptionA.Blazor.Blog.UnitTests\OptionA.Blazor.Blog.UnitTests.csproj]
C:\repo\OptionA.Blazor\OptionA.Blazor.Blog.UnitTests\Builder\BuilderDeprecationTests.cs(15,16): warning CS0618: 'OptAHeaderBuilder' is obsolete: 'Blog.Builder WYSIWYG editors are deprecated. Use OptionA.Blazor.Blog (OptADocument) with Markdown authoring and OptionA.Blazor.Playground for interactive previews. This package will not receive new features.' [C:\repo\OptionA.Blazor\OptionA.Blazor.Blog.UnitTests\OptionA.Blazor.Blog.UnitTests.csproj]
C:\repo\OptionA.Blazor\OptionA.Blazor.Blog.UnitTests\Builder\BuilderDeprecationTests.cs(16,16): warning CS0618: 'OptAImageBuilder' is obsolete: 'Blog.Builder WYSIWYG editors are deprecated. Use OptionA.Blazor.Blog (OptADocument) with Markdown authoring and OptionA.Blazor.Playground for interactive previews. This package will not receive new features.' [C:\repo\OptionA.Blazor\OptionA.Blazor.Blog.UnitTests\OptionA.Blazor.Blog.UnitTests.csproj]
C:\repo\OptionA.Blazor\OptionA.Blazor.Blog.UnitTests\Builder\BuilderDeprecationTests.cs(17,16): warning CS0618: 'OptAListBuilder' is obsolete: 'Blog.Builder WYSIWYG editors are deprecated. Use OptionA.Blazor.Blog (OptADocument) with Markdown authoring and OptionA.Blazor.Playground for interactive previews. This package will not receive new features.' [C:\repo\OptionA.Blazor\OptionA.Blazor.Blog.UnitTests\OptionA.Blazor.Blog.UnitTests.csproj]
C:\repo\OptionA.Blazor\OptionA.Blazor.Blog.UnitTests\Builder\BuilderDeprecationTests.cs(18,16): warning CS0618: 'OptAParagraphBuilder' is obsolete: 'Blog.Builder WYSIWYG editors are deprecated. Use OptionA.Blazor.Blog (OptADocument) with Markdown authoring and OptionA.Blazor.Playground for interactive previews. This package will not receive new features.' [C:\repo\OptionA.Blazor\OptionA.Blazor.Blog.UnitTests\OptionA.Blazor.Blog.UnitTests.csproj]
C:\repo\OptionA.Blazor\OptionA.Blazor.Blog.UnitTests\Builder\BuilderDeprecationTests.cs(19,16): warning CS0618: 'OptAQuoteBuilder' is obsolete: 'Blog.Builder WYSIWYG editors are deprecated. Use OptionA.Blazor.Blog (OptADocument) with Markdown authoring and OptionA.Blazor.Playground for interactive previews. This package will not receive new features.' [C:\repo\OptionA.Blazor\OptionA.Blazor.Blog.UnitTests\OptionA.Blazor.Blog.UnitTests.csproj]
C:\repo\OptionA.Blazor\OptionA.Blazor.Blog.UnitTests\Builder\BuilderDeprecationTests.cs(20,16): warning CS0618: 'OptATableBuilder' is obsolete: 'Blog.Builder WYSIWYG editors are deprecated. Use OptionA.Blazor.Blog (OptADocument) with Markdown authoring and OptionA.Blazor.Playground for interactive previews. This package will not receive new features.' [C:\repo\OptionA.Blazor\OptionA.Blazor.Blog.UnitTests\OptionA.Blazor.Blog.UnitTests.csproj]
C:\repo\OptionA.Blazor\OptionA.Blazor.Blog.UnitTests\Document\OptADocumentMetadataTests.cs(70,24): error CS0619: 'BunitContext.RenderComponent<TComponent>(Action<ComponentParameterCollectionBuilder<TComponent>>?)' is obsolete: 'Use Render instead.' (https://bunit.dev/docs/migrations) [C:\repo\OptionA.Blazor\OptionA.Blazor.Blog.UnitTests\OptionA.Blazor.Blog.UnitTests.csproj]

Build FAILED.

C:\repo\OptionA.Blazor\OptionA.Blazor.Blog.UnitTests\Builder\BuilderDeprecationTests.cs(12,16): warning CS0618: 'OptAPostBuilder' is obsolete: 'Blog.Builder WYSIWYG editors are deprecated. Use OptionA.Blazor.Blog (OptADocument) with Markdown authoring and OptionA.Blazor.Playground for interactive previews. This package will not receive new features.' [C:\repo\OptionA.Blazor\OptionA.Blazor.Blog.UnitTests\OptionA.Blazor.Blog.UnitTests.csproj]
C:\repo\OptionA.Blazor\OptionA.Blazor.Blog.UnitTests\Builder\BuilderDeprecationTests.cs(13,16): warning CS0618: 'OptACodeBuilder' is obsolete: 'Blog.Builder WYSIWYG editors are deprecated. Use OptionA.Blazor.Blog (OptADocument) with Markdown authoring and OptionA.Blazor.Playground for interactive previews. This package will not receive new features.' [C:\repo\OptionA.Blazor\OptionA.Blazor.Blog.UnitTests\OptionA.Blazor.Blog.UnitTests.csproj]
C:\repo\OptionA.Blazor\OptionA.Blazor.Blog.UnitTests\Builder\BuilderDeprecationTests.cs(14,16): warning CS0618: 'OptAFrameBuilder' is obsolete: 'Blog.Builder WYSIWYG editors are deprecated. Use OptionA.Blazor.Blog (OptADocument) with Markdown authoring and OptionA.Blazor.Playground for interactive previews. This package will not receive new features.' [C:\repo\OptionA.Blazor\OptionA.Blazor.Blog.UnitTests\OptionA.Blazor.Blog.UnitTests.csproj]
C:\repo\OptionA.Blazor\OptionA.Blazor.Blog.UnitTests\Builder\BuilderDeprecationTests.cs(15,16): warning CS0618: 'OptAHeaderBuilder' is obsolete: 'Blog.Builder WYSIWYG editors are deprecated. Use OptionA.Blazor.Blog (OptADocument) with Markdown authoring and OptionA.Blazor.Playground for interactive previews. This package will not receive new features.' [C:\repo\OptionA.Blazor\OptionA.Blazor.Blog.UnitTests\OptionA.Blazor.Blog.UnitTests.csproj]
C:\repo\OptionA.Blazor\OptionA.Blazor.Blog.UnitTests\Builder\BuilderDeprecationTests.cs(16,16): warning CS0618: 'OptAImageBuilder' is obsolete: 'Blog.Builder WYSIWYG editors are deprecated. Use OptionA.Blazor.Blog (OptADocument) with Markdown authoring and OptionA.Blazor.Playground for interactive previews. This package will not receive new features.' [C:\repo\OptionA.Blazor\OptionA.Blazor.Blog.UnitTests\OptionA.Blazor.Blog.UnitTests.csproj]
C:\repo\OptionA.Blazor\OptionA.Blazor.Blog.UnitTests\Builder\BuilderDeprecationTests.cs(17,16): warning CS0618: 'OptAListBuilder' is obsolete: 'Blog.Builder WYSIWYG editors are deprecated. Use OptionA.Blazor.Blog (OptADocument) with Markdown authoring and OptionA.Blazor.Playground for interactive previews. This package will not receive new features.' [C:\repo\OptionA.Blazor\OptionA.Blazor.Blog.UnitTests\OptionA.Blazor.Blog.UnitTests.csproj]
C:\repo\OptionA.Blazor\OptionA.Blazor.Blog.UnitTests\Builder\BuilderDeprecationTests.cs(18,16): warning CS0618: 'OptAParagraphBuilder' is obsolete: 'Blog.Builder WYSIWYG editors are deprecated. Use OptionA.Blazor.Blog (OptADocument) with Markdown authoring and OptionA.Blazor.Playground for interactive previews. This package will not receive new features.' [C:\repo\OptionA.Blazor\OptionA.Blazor.Blog.UnitTests\OptionA.Blazor.Blog.UnitTests.csproj]
C:\repo\OptionA.Blazor\OptionA.Blazor.Blog.UnitTests\Builder\BuilderDeprecationTests.cs(19,16): warning CS0618: 'OptAQuoteBuilder' is obsolete: 'Blog.Builder WYSIWYG editors are deprecated. Use OptionA.Blazor.Blog (OptADocument) with Markdown authoring and OptionA.Blazor.Playground for interactive previews. This package will not receive new features.' [C:\repo\OptionA.Blazor\OptionA.Blazor.Blog.UnitTests\OptionA.Blazor.Blog.UnitTests.csproj]
C:\repo\OptionA.Blazor\OptionA.Blazor.Blog.UnitTests\Builder\BuilderDeprecationTests.cs(20,16): warning CS0618: 'OptATableBuilder' is obsolete: 'Blog.Builder WYSIWYG editors are deprecated. Use OptionA.Blazor.Blog (OptADocument) with Markdown authoring and OptionA.Blazor.Playground for interactive previews. This package will not receive new features.' [C:\repo\OptionA.Blazor\OptionA.Blazor.Blog.UnitTests\OptionA.Blazor.Blog.UnitTests.csproj]
C:\repo\OptionA.Blazor\OptionA.Blazor.Blog.UnitTests\Document\OptADocumentMetadataTests.cs(70,24): error CS0619: 'BunitContext.RenderComponent<TComponent>(Action<ComponentParameterCollectionBuilder<TComponent>>?)' is obsolete: 'Use Render instead.' (https://bunit.dev/docs/migrations) [C:\repo\OptionA.Blazor\OptionA.Blazor.Blog.UnitTests\OptionA.Blazor.Blog.UnitTests.csproj]
    9 Warning(s)
    1 Error(s)

Time Elapsed 00:00:03.33
